{"type":"server-started","port":54345,"host":"127.0.0.1","url_host":"localhost","url":"http://localhost:54345","screen_dir":"/Volumes/MONSTER/monster_claude_projects/max-lab-home/.superpowers/brainstorm/20945-1779059108/content","state_dir":"/Volumes/MONSTER/monster_claude_projects/max-lab-home/.superpowers/brainstorm/20945-1779059108/state"}
{"type":"screen-added","file":"/Volumes/MONSTER/monster_claude_projects/max-lab-home/.superpowers/brainstorm/20945-1779059108/content/config-menu.html"}
{"source":"user-event","type":"click","text":"P1\n        Blueprint Void\n        Near-black void. Warm cream overlays. Deep blueprint blue wireframes. Default baseline.\n        \n          \n          \n          \n          \n          MAXWELL LEUNG PHD","choice":"P1","id":null,"timestamp":1779059270407}
{"source":"user-event","type":"click","text":"P2\n        Dark Terminal\n        Matrix green on near-black. Terminal aesthetic. High signal intensity.\n        \n          \n          \n          \n          \n          MAXWELL LEUNG PHD","choice":"P2","id":null,"timestamp":1779059272258}
{"source":"user-event","type":"click","text":"P3\n        Tactile Editorial\n        Dark 3D void with floating cream overlay panels. Document-in-space effect. Light on dark.\n        \n          \n          \n          \n            \n              MAXWELL LEUNG PHD","choice":"P3","id":null,"timestamp":1779059273354}
{"source":"user-event","type":"click","text":"P4\n        Warm Oxide\n        Dark warm charcoal. Rust-orange wireframes. Industrial signal aesthetic.\n        \n          \n          \n          \n          \n          MAXWELL LEUNG PHD","choice":"P4","id":null,"timestamp":1779059274136}
{"source":"user-event","type":"click","text":"A1\n        The Core Monolith\n        Massive architectural geometric structure. Camera orbits. Wireframe edges in accent color. Faces at 5% opacity.\n        \n          \n            \n            \n            \n          \n          ORBITAL // WIREFRAME","choice":"A1","id":null,"timestamp":1779059278171}
{"source":"user-event","type":"click","text":"A2\n        The Infinite Grid\n        Stark 3D floor grid projecting into perspective space. SVG elements (E58, E3, E68) float as textured planes above the surface.\n        \n          \n            \n            \n            \n            \n            \n            \n            \n            \n            E58\n            E3\n            E68\n          \n          GRID // SVG PLANES","choice":"A2","id":null,"timestamp":1779059279164}
{"source":"user-event","type":"click","text":"A3\n        The Particle Field\n        Abstract cloud of vertices reacting to system state. No bloom. Particles connect via 1px hairlines when within proximity — drafting-table aesthetic.\n        \n          \n            \n            \n            \n            \n            \n            \n            \n            \n            \n            \n            \n            \n            \n          \n          PARTICLES // HAIRLINES","choice":"A3","id":null,"timestamp":1779059280090}
{"source":"user-event","type":"click","text":"B2\n        Cursor Parallax\n        Camera shifts dynamically with pointer coordinates. Max 15° rotation, 2 world units translation. Ease-out cubic.\n        \n          \n            \n              \n              \n              \n            \n            \n              ±15° ROT±2 UNITS","choice":"B2","id":null,"timestamp":1779059280849}
{"source":"user-event","type":"click","text":"C1\n        Chromatic Aberration\n        Subtle color fringing at screen boundaries. Max 2px offset. TSL shader on render pass.\n        \n          SIGNAL\n          SIGNAL\n          SIGNAL","choice":"C1","id":null,"timestamp":1779059282330}
{"source":"user-event","type":"click","text":"C2\n        Scanline Overlay\n        CSS-only layer. Horizontal lines at 2px intervals, grid-line color at 8% opacity. Works on mobile.\n        \n          \n          \n          DATA OUTPUT","choice":"C2","id":null,"timestamp":1779059282967}
{"source":"user-event","type":"click","text":"C3\n        Motion Ghosting\n        Temporal frame blending on moving elements. WebGLRenderTarget ping-pong at 85% decay. GPU shader.","choice":"C3","id":null,"timestamp":1779059283789}
{"source":"user-event","type":"click","text":"C4\n        REC Indicator\n        Red dot blinks at 1-second intervals, top-right corner. Label: REC [ACTIVE]. Works on mobile.\n        \n          \n            \n            REC [ACTIVE]","choice":"C4","id":null,"timestamp":1779059284793}
{"source":"user-event","type":"click","text":"P2\n        Dark Terminal\n        Matrix green on near-black. Terminal aesthetic. High signal intensity.\n        \n          \n          \n          \n          \n          MAXWELL LEUNG PHD","choice":"P2","id":null,"timestamp":1779059297338}
{"source":"user-event","type":"click","text":"P1\n        Blueprint Void\n        Near-black void. Warm cream overlays. Deep blueprint blue wireframes. Default baseline.\n        \n          \n          \n          \n          \n          MAXWELL LEUNG PHD","choice":"P1","id":null,"timestamp":1779059298788}
{"source":"user-event","type":"click","text":"P3\n        Tactile Editorial\n        Dark 3D void with floating cream overlay panels. Document-in-space effect. Light on dark.\n        \n          \n          \n          \n            \n              MAXWELL LEUNG PHD","choice":"P3","id":null,"timestamp":1779059299731}
{"source":"user-event","type":"click","text":"P4\n        Warm Oxide\n        Dark warm charcoal. Rust-orange wireframes. Industrial signal aesthetic.\n        \n          \n          \n          \n          \n          MAXWELL LEUNG PHD","choice":"P4","id":null,"timestamp":1779059302040}
{"source":"user-event","type":"click","text":"P3\n        Tactile Editorial\n        Dark 3D void with floating cream overlay panels. Document-in-space effect. Light on dark.\n        \n          \n          \n          \n            \n              MAXWELL LEUNG PHD","choice":"P3","id":null,"timestamp":1779059310530}
{"source":"user-event","type":"click","text":"P3\n        Tactile Editorial\n        Dark 3D void with floating cream overlay panels. Document-in-space effect. Light on dark.\n        \n          \n          \n          \n            \n              MAXWELL LEUNG PHD","choice":"P3","id":null,"timestamp":1779059310826}
{"source":"user-event","type":"click","text":"P3\n        Tactile Editorial\n        Dark 3D void with floating cream overlay panels. Document-in-space effect. Light on dark.\n        \n          \n          \n          \n            \n              MAXWELL LEUNG PHD","choice":"P3","id":null,"timestamp":1779059311952}
{"source":"user-event","type":"click","text":"P4\n        Warm Oxide\n        Dark warm charcoal. Rust-orange wireframes. Industrial signal aesthetic.\n        \n          \n          \n          \n          \n          MAXWELL LEUNG PHD","choice":"P4","id":null,"timestamp":1779059316136}
{"source":"user-event","type":"click","text":"P3\n        Tactile Editorial\n        Dark 3D void with floating cream overlay panels. Document-in-space effect. Light on dark.\n        \n          \n          \n          \n            \n              MAXWELL LEUNG PHD","choice":"P3","id":null,"timestamp":1779059323036}
{"source":"user-event","type":"click","text":"P3\n        Tactile Editorial\n        Dark 3D void with floating cream overlay panels. Document-in-space effect. Light on dark.\n        \n          \n          \n          \n            \n              MAXWELL LEUNG PHD","choice":"P3","id":null,"timestamp":1779059348800}
{"source":"user-event","type":"click","text":"A3\n        The Particle Field\n        Abstract cloud of vertices reacting to system state. No bloom. Particles connect via 1px hairlines when within proximity — drafting-table aesthetic.\n        \n          \n            \n            \n            \n            \n            \n            \n            \n            \n            \n            \n            \n            \n            \n          \n          PARTICLES // HAIRLINES","choice":"A3","id":null,"timestamp":1779059350721}
{"source":"user-event","type":"click","text":"B1\n        Kinematic Scroll\n        Scrolling drives the camera along a 3D linear track. Ease-out cubic only. No spring, no bounce, no elastic.\n        \n          \n            \n          \n          \n            ↓ SCROLL\n            CAMERA →","choice":"B1","id":null,"timestamp":1779059372616}
{"source":"user-event","type":"click","text":"C2\n        Scanline Overlay\n        CSS-only layer. Horizontal lines at 2px intervals, grid-line color at 8% opacity. Works on mobile.\n        \n          \n          \n          DATA OUTPUT","choice":"C2","id":null,"timestamp":1779059389283}
{"source":"user-event","type":"click","text":"C1\n        Chromatic Aberration\n        Subtle color fringing at screen boundaries. Max 2px offset. TSL shader on render pass.\n        \n          SIGNAL\n          SIGNAL\n          SIGNAL","choice":"C1","id":null,"timestamp":1779059396409}
{"source":"user-event","type":"click","text":"C3\n        Motion Ghosting\n        Temporal frame blending on moving elements. WebGLRenderTarget ping-pong at 85% decay. GPU shader.","choice":"C3","id":null,"timestamp":1779059398221}
{"source":"user-event","type":"click","text":"C4\n        REC Indicator\n        Red dot blinks at 1-second intervals, top-right corner. Label: REC [ACTIVE]. Works on mobile.\n        \n          \n            \n            REC [ACTIVE]","choice":"C4","id":null,"timestamp":1779059398759}
{"source":"user-event","type":"click","text":"C1\n        Chromatic Aberration\n        Subtle color fringing at screen boundaries. Max 2px offset. TSL shader on render pass.\n        \n          SIGNAL\n          SIGNAL\n          SIGNAL","choice":"C1","id":null,"timestamp":1779059409932}
{"source":"user-event","type":"click","text":"C2\n        Scanline Overlay\n        CSS-only layer. Horizontal lines at 2px intervals, grid-line color at 8% opacity. Works on mobile.\n        \n          \n          \n          DATA OUTPUT","choice":"C2","id":null,"timestamp":1779059410786}
{"source":"user-event","type":"click","text":"C3\n        Motion Ghosting\n        Temporal frame blending on moving elements. WebGLRenderTarget ping-pong at 85% decay. GPU shader.","choice":"C3","id":null,"timestamp":1779059412685}
{"source":"user-event","type":"click","text":"P4\n        Warm Oxide\n        Dark warm charcoal. Rust-orange wireframes. Industrial signal aesthetic.\n        \n          \n          \n          \n          \n          MAXWELL LEUNG PHD","choice":"P4","id":null,"timestamp":1779059424400}
{"type":"screen-added","file":"/Volumes/MONSTER/monster_claude_projects/max-lab-home/.superpowers/brainstorm/20945-1779059108/content/content-plan.html"}
{"type":"screen-added","file":"/Volumes/MONSTER/monster_claude_projects/max-lab-home/.superpowers/brainstorm/20945-1779059108/content/scroll-model.html"}
{"type":"screen-added","file":"/Volumes/MONSTER/monster_claude_projects/max-lab-home/.superpowers/brainstorm/20945-1779059108/content/camera-model.html"}
{"type":"screen-added","file":"/Volumes/MONSTER/monster_claude_projects/max-lab-home/.superpowers/brainstorm/20945-1779059108/content/camera-model-v2.html"}
{"type":"screen-added","file":"/Volumes/MONSTER/monster_claude_projects/max-lab-home/.superpowers/brainstorm/20945-1779059108/content/final-model.html"}
{"type":"server-stopped","reason":"idle timeout"}
